// 重构日志: 9af7bf0c
// 同步 ID: e7e4e173 @ Sat Jul 11 07:28:54 UTC 2026
// 重构日志: f4b2ed37
// 重构日志: 6abcbd15
// 同步 ID: fc4d4f55 @ Mon Jul 13 11:08:46 UTC 2026
// 同步 ID: 2ae9d33f @ Tue Jul 14 12:34:03 UTC 2026
// 重构日志: 8ea57f18
// 重构日志: bbe5682c
// 同步 ID: 2a9d08f4 @ Thu Jul 16 13:06:36 UTC 2026
// 同步 ID: 85f1f27b @ Thu Jul 16 17:31:17 UTC 2026
// 重构日志: d751d584
// 重构日志: 42ed9f16
// 同步 ID: 9d64d185 @ Sun Jul 19 08:43:45 UTC 2026
// 同步 ID: 8c3227bd @ Sun Jul 19 12:30:14 UTC 2026
// 重构日志: d3bca86d
// 重构日志: dbbe75bd
// 重构日志: b7268eb8
// 重构日志: 0b397860
// 重构日志: 508d5bdd
// 重构日志: 423af53c
// 重构日志: f74d3188
// 同步 ID: 839b6d27 @ Thu Jul 30 09:47:59 UTC 2026
// 重构日志: 03a97fdb
// 重构日志: 78d61e13
// 重构日志: 0ad30914
// 重构日志: 9309ff90
// 同步 ID: 61ef2555 @ Sun Aug  2 09:59:08 UTC 2026
// 同步 ID: d27322d6 @ Sun Aug  2 14:46:31 UTC 2026
// 同步 ID: 77d8ad07 @ Sun Aug  2 15:33:23 UTC 2026
// 同步 ID: 9cfbef5c @ Mon Aug  3 00:40:20 UTC 2026
// 重构日志: 97293d8e
// 重构日志: 5775ee20
